// Jest Snapshot v1, https://goo.gl/fbAQLP

exports[`Feedback/Modal ActionCancel smoke-test 1`] = `
<div>
  <button class="MuiButtonBase-root MuiButton-root MuiButton-outlined MuiButton-outlinedPrimary MuiButton-sizeMedium MuiButton-outlinedSizeMedium MuiButton-colorPrimary MuiButton-disableElevation MuiButton-root MuiButton-outlined MuiButton-outlinedPrimary MuiButton-sizeMedium MuiButton-outlinedSizeMedium MuiButton-colorPrimary MuiButton-disableElevation css-mui-classname"
          tabindex="0"
          type="button"
          data-cy="button"
  >
    <span class="MuiButton-icon MuiButton-startIcon MuiButton-iconSizeMedium css-mui-classname">
      <svg class="MuiSvgIcon-root MuiSvgIcon-fontSizeMedium css-mui-classname"
           focusable="false"
           aria-hidden="true"
           viewbox="0 0 24 24"
           data-testid="OpenInNewIcon"
           data-cy="button-icon"
      >
        <path d="M19 19H5V5h7V3H5c-1.11 0-2 .9-2 2v14c0 1.1.89 2 2 2h14c1.1 0 2-.9 2-2v-7h-2zM14 3v2h3.59l-9.83 9.83 1.41 1.41L19 6.41V10h2V3z">
        </path>
      </svg>
    </span>
    Open
  </button>
</div>
`;

exports[`Feedback/Modal ActionConfirm smoke-test 1`] = `
<div>
  <button class="MuiButtonBase-root MuiButton-root MuiButton-outlined MuiButton-outlinedPrimary MuiButton-sizeMedium MuiButton-outlinedSizeMedium MuiButton-colorPrimary MuiButton-disableElevation MuiButton-root MuiButton-outlined MuiButton-outlinedPrimary MuiButton-sizeMedium MuiButton-outlinedSizeMedium MuiButton-colorPrimary MuiButton-disableElevation css-mui-classname"
          tabindex="0"
          type="button"
          data-cy="button"
  >
    <span class="MuiButton-icon MuiButton-startIcon MuiButton-iconSizeMedium css-mui-classname">
      <svg class="MuiSvgIcon-root MuiSvgIcon-fontSizeMedium css-mui-classname"
           focusable="false"
           aria-hidden="true"
           viewbox="0 0 24 24"
           data-testid="OpenInNewIcon"
           data-cy="button-icon"
      >
        <path d="M19 19H5V5h7V3H5c-1.11 0-2 .9-2 2v14c0 1.1.89 2 2 2h14c1.1 0 2-.9 2-2v-7h-2zM14 3v2h3.59l-9.83 9.83 1.41 1.41L19 6.41V10h2V3z">
        </path>
      </svg>
    </span>
    Open
  </button>
</div>
`;

exports[`Feedback/Modal Actions smoke-test 1`] = `
<div>
  <button class="MuiButtonBase-root MuiButton-root MuiButton-outlined MuiButton-outlinedPrimary MuiButton-sizeMedium MuiButton-outlinedSizeMedium MuiButton-colorPrimary MuiButton-disableElevation MuiButton-root MuiButton-outlined MuiButton-outlinedPrimary MuiButton-sizeMedium MuiButton-outlinedSizeMedium MuiButton-colorPrimary MuiButton-disableElevation css-mui-classname"
          tabindex="0"
          type="button"
          data-cy="button"
  >
    <span class="MuiButton-icon MuiButton-startIcon MuiButton-iconSizeMedium css-mui-classname">
      <svg class="MuiSvgIcon-root MuiSvgIcon-fontSizeMedium css-mui-classname"
           focusable="false"
           aria-hidden="true"
           viewbox="0 0 24 24"
           data-testid="OpenInNewIcon"
           data-cy="button-icon"
      >
        <path d="M19 19H5V5h7V3H5c-1.11 0-2 .9-2 2v14c0 1.1.89 2 2 2h14c1.1 0 2-.9 2-2v-7h-2zM14 3v2h3.59l-9.83 9.83 1.41 1.41L19 6.41V10h2V3z">
        </path>
      </svg>
    </span>
    Open
  </button>
</div>
`;

exports[`Feedback/Modal Closeable smoke-test 1`] = `
<div>
  <button class="MuiButtonBase-root MuiButton-root MuiButton-outlined MuiButton-outlinedPrimary MuiButton-sizeMedium MuiButton-outlinedSizeMedium MuiButton-colorPrimary MuiButton-disableElevation MuiButton-root MuiButton-outlined MuiButton-outlinedPrimary MuiButton-sizeMedium MuiButton-outlinedSizeMedium MuiButton-colorPrimary MuiButton-disableElevation css-mui-classname"
          tabindex="0"
          type="button"
          data-cy="button"
  >
    <span class="MuiButton-icon MuiButton-startIcon MuiButton-iconSizeMedium css-mui-classname">
      <svg class="MuiSvgIcon-root MuiSvgIcon-fontSizeMedium css-mui-classname"
           focusable="false"
           aria-hidden="true"
           viewbox="0 0 24 24"
           data-testid="OpenInNewIcon"
           data-cy="button-icon"
      >
        <path d="M19 19H5V5h7V3H5c-1.11 0-2 .9-2 2v14c0 1.1.89 2 2 2h14c1.1 0 2-.9 2-2v-7h-2zM14 3v2h3.59l-9.83 9.83 1.41 1.41L19 6.41V10h2V3z">
        </path>
      </svg>
    </span>
    Open
  </button>
</div>
`;

exports[`Feedback/Modal Localized smoke-test 1`] = `
<div>
  <button class="MuiButtonBase-root MuiButton-root MuiButton-outlined MuiButton-outlinedPrimary MuiButton-sizeMedium MuiButton-outlinedSizeMedium MuiButton-colorPrimary MuiButton-disableElevation MuiButton-root MuiButton-outlined MuiButton-outlinedPrimary MuiButton-sizeMedium MuiButton-outlinedSizeMedium MuiButton-colorPrimary MuiButton-disableElevation css-mui-classname"
          tabindex="0"
          type="button"
          data-cy="button"
  >
    <span class="MuiButton-icon MuiButton-startIcon MuiButton-iconSizeMedium css-mui-classname">
      <svg class="MuiSvgIcon-root MuiSvgIcon-fontSizeMedium css-mui-classname"
           focusable="false"
           aria-hidden="true"
           viewbox="0 0 24 24"
           data-testid="OpenInNewIcon"
           data-cy="button-icon"
      >
        <path d="M19 19H5V5h7V3H5c-1.11 0-2 .9-2 2v14c0 1.1.89 2 2 2h14c1.1 0 2-.9 2-2v-7h-2zM14 3v2h3.59l-9.83 9.83 1.41 1.41L19 6.41V10h2V3z">
        </path>
      </svg>
    </span>
    Open
  </button>
</div>
`;

exports[`Feedback/Modal Primary smoke-test 1`] = `
<div>
  <button class="MuiButtonBase-root MuiButton-root MuiButton-outlined MuiButton-outlinedPrimary MuiButton-sizeMedium MuiButton-outlinedSizeMedium MuiButton-colorPrimary MuiButton-disableElevation MuiButton-root MuiButton-outlined MuiButton-outlinedPrimary MuiButton-sizeMedium MuiButton-outlinedSizeMedium MuiButton-colorPrimary MuiButton-disableElevation css-mui-classname"
          tabindex="0"
          type="button"
          data-cy="button"
  >
    <span class="MuiButton-icon MuiButton-startIcon MuiButton-iconSizeMedium css-mui-classname">
      <svg class="MuiSvgIcon-root MuiSvgIcon-fontSizeMedium css-mui-classname"
           focusable="false"
           aria-hidden="true"
           viewbox="0 0 24 24"
           data-testid="OpenInNewIcon"
           data-cy="button-icon"
      >
        <path d="M19 19H5V5h7V3H5c-1.11 0-2 .9-2 2v14c0 1.1.89 2 2 2h14c1.1 0 2-.9 2-2v-7h-2zM14 3v2h3.59l-9.83 9.83 1.41 1.41L19 6.41V10h2V3z">
        </path>
      </svg>
    </span>
    Open
  </button>
</div>
`;

exports[`Feedback/Modal SizeFullScreen smoke-test 1`] = `
<div>
  <button class="MuiButtonBase-root MuiButton-root MuiButton-outlined MuiButton-outlinedPrimary MuiButton-sizeMedium MuiButton-outlinedSizeMedium MuiButton-colorPrimary MuiButton-disableElevation MuiButton-root MuiButton-outlined MuiButton-outlinedPrimary MuiButton-sizeMedium MuiButton-outlinedSizeMedium MuiButton-colorPrimary MuiButton-disableElevation css-mui-classname"
          tabindex="0"
          type="button"
          data-cy="button"
  >
    <span class="MuiButton-icon MuiButton-startIcon MuiButton-iconSizeMedium css-mui-classname">
      <svg class="MuiSvgIcon-root MuiSvgIcon-fontSizeMedium css-mui-classname"
           focusable="false"
           aria-hidden="true"
           viewbox="0 0 24 24"
           data-testid="OpenInNewIcon"
           data-cy="button-icon"
      >
        <path d="M19 19H5V5h7V3H5c-1.11 0-2 .9-2 2v14c0 1.1.89 2 2 2h14c1.1 0 2-.9 2-2v-7h-2zM14 3v2h3.59l-9.83 9.83 1.41 1.41L19 6.41V10h2V3z">
        </path>
      </svg>
    </span>
    Open
  </button>
</div>
`;

exports[`Feedback/Modal SizeLarge smoke-test 1`] = `
<div>
  <button class="MuiButtonBase-root MuiButton-root MuiButton-outlined MuiButton-outlinedPrimary MuiButton-sizeMedium MuiButton-outlinedSizeMedium MuiButton-colorPrimary MuiButton-disableElevation MuiButton-root MuiButton-outlined MuiButton-outlinedPrimary MuiButton-sizeMedium MuiButton-outlinedSizeMedium MuiButton-colorPrimary MuiButton-disableElevation css-mui-classname"
          tabindex="0"
          type="button"
          data-cy="button"
  >
    <span class="MuiButton-icon MuiButton-startIcon MuiButton-iconSizeMedium css-mui-classname">
      <svg class="MuiSvgIcon-root MuiSvgIcon-fontSizeMedium css-mui-classname"
           focusable="false"
           aria-hidden="true"
           viewbox="0 0 24 24"
           data-testid="OpenInNewIcon"
           data-cy="button-icon"
      >
        <path d="M19 19H5V5h7V3H5c-1.11 0-2 .9-2 2v14c0 1.1.89 2 2 2h14c1.1 0 2-.9 2-2v-7h-2zM14 3v2h3.59l-9.83 9.83 1.41 1.41L19 6.41V10h2V3z">
        </path>
      </svg>
    </span>
    Open
  </button>
</div>
`;

exports[`Feedback/Modal SizeSmall smoke-test 1`] = `
<div>
  <button class="MuiButtonBase-root MuiButton-root MuiButton-outlined MuiButton-outlinedPrimary MuiButton-sizeMedium MuiButton-outlinedSizeMedium MuiButton-colorPrimary MuiButton-disableElevation MuiButton-root MuiButton-outlined MuiButton-outlinedPrimary MuiButton-sizeMedium MuiButton-outlinedSizeMedium MuiButton-colorPrimary MuiButton-disableElevation css-mui-classname"
          tabindex="0"
          type="button"
          data-cy="button"
  >
    <span class="MuiButton-icon MuiButton-startIcon MuiButton-iconSizeMedium css-mui-classname">
      <svg class="MuiSvgIcon-root MuiSvgIcon-fontSizeMedium css-mui-classname"
           focusable="false"
           aria-hidden="true"
           viewbox="0 0 24 24"
           data-testid="OpenInNewIcon"
           data-cy="button-icon"
      >
        <path d="M19 19H5V5h7V3H5c-1.11 0-2 .9-2 2v14c0 1.1.89 2 2 2h14c1.1 0 2-.9 2-2v-7h-2zM14 3v2h3.59l-9.83 9.83 1.41 1.41L19 6.41V10h2V3z">
        </path>
      </svg>
    </span>
    Open
  </button>
</div>
`;
