// Jest Snapshot v1, https://goo.gl/fbAQLP

exports[`Inputs/DateTimePicker Date smoke-test 1`] = `
<div class="MuiFormControl-root MuiTextField-root css-mui-classname">
  <label class="MuiFormLabel-root MuiInputLabel-root MuiInputLabel-formControl MuiInputLabel-animated MuiInputLabel-sizeMedium MuiInputLabel-outlined MuiFormLabel-colorPrimary MuiInputLabel-root MuiInputLabel-formControl MuiInputLabel-animated MuiInputLabel-sizeMedium MuiInputLabel-outlined css-mui-classname"
         data-shrink="false"
         for=":rd:"
         id=":rd:-label"
  >
    Date Time
  </label>
  <div class="MuiInputBase-root MuiOutlinedInput-root MuiInputBase-colorPrimary MuiInputBase-formControl MuiInputBase-adornedEnd css-mui-classname">
    <input aria-invalid="false"
           autocomplete="off"
           id=":rd:"
           placeholder="MM/DD/YYYY"
           type="text"
           inputmode="text"
           class="MuiInputBase-input MuiOutlinedInput-input MuiInputBase-inputAdornedEnd css-mui-classname"
           value
    >
    <div class="MuiInputAdornment-root MuiInputAdornment-positionEnd MuiInputAdornment-outlined MuiInputAdornment-sizeMedium css-mui-classname">
      <button class="MuiButtonBase-root MuiIconButton-root MuiIconButton-edgeEnd MuiIconButton-sizeMedium css-mui-classname"
              tabindex="0"
              type="button"
              aria-label="Choose date"
      >
        <svg class="MuiSvgIcon-root MuiSvgIcon-fontSizeMedium css-mui-classname"
             focusable="false"
             aria-hidden="true"
             viewbox="0 0 24 24"
             data-testid="CalendarIcon"
        >
          <path d="M17 12h-5v5h5v-5zM16 1v2H8V1H6v2H5c-1.11 0-1.99.9-1.99 2L3 19c0 1.1.89 2 2 2h14c1.1 0 2-.9 2-2V5c0-1.1-.9-2-2-2h-1V1h-2zm3 18H5V8h14v11z">
          </path>
        </svg>
      </button>
    </div>
    <fieldset aria-hidden="true"
              class="MuiOutlinedInput-notchedOutline css-mui-classname"
    >
      <legend class="css-mui-classname">
        <span>
          Date Time
        </span>
      </legend>
    </fieldset>
  </div>
</div>
`;

exports[`Inputs/DateTimePicker FormatAmPm smoke-test 1`] = `
<div class="MuiFormControl-root MuiTextField-root css-mui-classname">
  <label class="MuiFormLabel-root MuiInputLabel-root MuiInputLabel-formControl MuiInputLabel-animated MuiInputLabel-sizeMedium MuiInputLabel-outlined MuiFormLabel-colorPrimary MuiInputLabel-root MuiInputLabel-formControl MuiInputLabel-animated MuiInputLabel-sizeMedium MuiInputLabel-outlined css-mui-classname"
         data-shrink="false"
         for=":r9:"
         id=":r9:-label"
  >
    Date Time
  </label>
  <div class="MuiInputBase-root MuiOutlinedInput-root MuiInputBase-colorPrimary MuiInputBase-formControl MuiInputBase-adornedEnd css-mui-classname">
    <input aria-invalid="false"
           autocomplete="off"
           id=":r9:"
           placeholder="MM/DD/YYYY hh:mm aa"
           type="text"
           inputmode="text"
           class="MuiInputBase-input MuiOutlinedInput-input MuiInputBase-inputAdornedEnd css-mui-classname"
           value
    >
    <div class="MuiInputAdornment-root MuiInputAdornment-positionEnd MuiInputAdornment-outlined MuiInputAdornment-sizeMedium css-mui-classname">
      <button class="MuiButtonBase-root MuiIconButton-root MuiIconButton-edgeEnd MuiIconButton-sizeMedium css-mui-classname"
              tabindex="0"
              type="button"
              aria-label="Choose date"
      >
        <svg class="MuiSvgIcon-root MuiSvgIcon-fontSizeMedium css-mui-classname"
             focusable="false"
             aria-hidden="true"
             viewbox="0 0 24 24"
             data-testid="CalendarIcon"
        >
          <path d="M17 12h-5v5h5v-5zM16 1v2H8V1H6v2H5c-1.11 0-1.99.9-1.99 2L3 19c0 1.1.89 2 2 2h14c1.1 0 2-.9 2-2V5c0-1.1-.9-2-2-2h-1V1h-2zm3 18H5V8h14v11z">
          </path>
        </svg>
      </button>
    </div>
    <fieldset aria-hidden="true"
              class="MuiOutlinedInput-notchedOutline css-mui-classname"
    >
      <legend class="css-mui-classname">
        <span>
          Date Time
        </span>
      </legend>
    </fieldset>
  </div>
</div>
`;

exports[`Inputs/DateTimePicker HoursView smoke-test 1`] = `
<div class="MuiFormControl-root MuiTextField-root css-mui-classname">
  <label class="MuiFormLabel-root MuiInputLabel-root MuiInputLabel-formControl MuiInputLabel-animated MuiInputLabel-sizeMedium MuiInputLabel-outlined MuiFormLabel-colorPrimary MuiInputLabel-root MuiInputLabel-formControl MuiInputLabel-animated MuiInputLabel-sizeMedium MuiInputLabel-outlined css-mui-classname"
         data-shrink="false"
         for=":r2:"
         id=":r2:-label"
  >
    Date Time
  </label>
  <div class="MuiInputBase-root MuiOutlinedInput-root MuiInputBase-colorPrimary MuiInputBase-formControl MuiInputBase-adornedEnd css-mui-classname">
    <input aria-invalid="false"
           autocomplete="off"
           id=":r2:"
           placeholder="MM/DD/YYYY hh"
           type="text"
           inputmode="text"
           class="MuiInputBase-input MuiOutlinedInput-input MuiInputBase-inputAdornedEnd css-mui-classname"
           value
    >
    <div class="MuiInputAdornment-root MuiInputAdornment-positionEnd MuiInputAdornment-outlined MuiInputAdornment-sizeMedium css-mui-classname">
      <button class="MuiButtonBase-root MuiIconButton-root MuiIconButton-edgeEnd MuiIconButton-sizeMedium css-mui-classname"
              tabindex="0"
              type="button"
              aria-label="Choose date"
      >
        <svg class="MuiSvgIcon-root MuiSvgIcon-fontSizeMedium css-mui-classname"
             focusable="false"
             aria-hidden="true"
             viewbox="0 0 24 24"
             data-testid="CalendarIcon"
        >
          <path d="M17 12h-5v5h5v-5zM16 1v2H8V1H6v2H5c-1.11 0-1.99.9-1.99 2L3 19c0 1.1.89 2 2 2h14c1.1 0 2-.9 2-2V5c0-1.1-.9-2-2-2h-1V1h-2zm3 18H5V8h14v11z">
          </path>
        </svg>
      </button>
    </div>
    <fieldset aria-hidden="true"
              class="MuiOutlinedInput-notchedOutline css-mui-classname"
    >
      <legend class="css-mui-classname">
        <span>
          Date Time
        </span>
      </legend>
    </fieldset>
  </div>
</div>
`;

exports[`Inputs/DateTimePicker Localized smoke-test 1`] = `
<div class="MuiFormControl-root MuiTextField-root css-mui-classname">
  <label class="MuiFormLabel-root MuiInputLabel-root MuiInputLabel-formControl MuiInputLabel-animated MuiInputLabel-sizeMedium MuiInputLabel-outlined MuiFormLabel-colorPrimary MuiInputLabel-root MuiInputLabel-formControl MuiInputLabel-animated MuiInputLabel-sizeMedium MuiInputLabel-outlined css-mui-classname"
         data-shrink="false"
         for=":rb:"
         id=":rb:-label"
  >
    Data Ore
  </label>
  <div class="MuiInputBase-root MuiOutlinedInput-root MuiInputBase-colorPrimary MuiInputBase-formControl MuiInputBase-adornedEnd css-mui-classname">
    <input aria-invalid="false"
           autocomplete="off"
           id=":rb:"
           placeholder="MM/DD/YYYY hh:mm"
           type="text"
           inputmode="text"
           class="MuiInputBase-input MuiOutlinedInput-input MuiInputBase-inputAdornedEnd css-mui-classname"
           value
    >
    <div class="MuiInputAdornment-root MuiInputAdornment-positionEnd MuiInputAdornment-outlined MuiInputAdornment-sizeMedium css-mui-classname">
      <button class="MuiButtonBase-root MuiIconButton-root MuiIconButton-edgeEnd MuiIconButton-sizeMedium css-mui-classname"
              tabindex="0"
              type="button"
              aria-label="Choose date"
      >
        <svg class="MuiSvgIcon-root MuiSvgIcon-fontSizeMedium css-mui-classname"
             focusable="false"
             aria-hidden="true"
             viewbox="0 0 24 24"
             data-testid="CalendarIcon"
        >
          <path d="M17 12h-5v5h5v-5zM16 1v2H8V1H6v2H5c-1.11 0-1.99.9-1.99 2L3 19c0 1.1.89 2 2 2h14c1.1 0 2-.9 2-2V5c0-1.1-.9-2-2-2h-1V1h-2zm3 18H5V8h14v11z">
          </path>
        </svg>
      </button>
    </div>
    <fieldset aria-hidden="true"
              class="MuiOutlinedInput-notchedOutline css-mui-classname"
    >
      <legend class="css-mui-classname">
        <span>
          Data Ore
        </span>
      </legend>
    </fieldset>
  </div>
</div>
`;

exports[`Inputs/DateTimePicker MobileView smoke-test 1`] = `
<div class="MuiFormControl-root MuiTextField-root css-mui-classname">
  <label class="MuiFormLabel-root MuiInputLabel-root MuiInputLabel-formControl MuiInputLabel-animated MuiInputLabel-shrink MuiInputLabel-sizeMedium MuiInputLabel-outlined MuiFormLabel-colorPrimary MuiFormLabel-filled MuiInputLabel-root MuiInputLabel-formControl MuiInputLabel-animated MuiInputLabel-shrink MuiInputLabel-sizeMedium MuiInputLabel-outlined css-mui-classname"
         data-shrink="true"
         for=":r7:"
         id=":r7:-label"
  >
    Date Time
  </label>
  <div class="MuiInputBase-root MuiOutlinedInput-root MuiInputBase-colorPrimary MuiInputBase-formControl MuiInputBase-adornedEnd Mui-readOnly MuiInputBase-readOnly css-mui-classname">
    <input aria-invalid="false"
           autocomplete="off"
           id=":r7:"
           placeholder="MM/DD/YYYY hh:mm:ss"
           readonly
           type="text"
           aria-label="Choose date, selected date is Oct 29, 2023"
           inputmode="text"
           class="MuiInputBase-input MuiOutlinedInput-input MuiInputBase-inputAdornedEnd Mui-readOnly MuiInputBase-readOnly css-mui-classname"
           value="10/29/2023 06:00:00"
    >
    <fieldset aria-hidden="true"
              class="MuiOutlinedInput-notchedOutline css-mui-classname"
    >
      <legend class="css-mui-classname">
        <span>
          Date Time
        </span>
      </legend>
    </fieldset>
  </div>
</div>
`;

exports[`Inputs/DateTimePicker Primary smoke-test 1`] = `
<div class="MuiFormControl-root MuiTextField-root css-mui-classname">
  <label class="MuiFormLabel-root MuiInputLabel-root MuiInputLabel-formControl MuiInputLabel-animated MuiInputLabel-sizeMedium MuiInputLabel-outlined MuiFormLabel-colorPrimary MuiInputLabel-root MuiInputLabel-formControl MuiInputLabel-animated MuiInputLabel-sizeMedium MuiInputLabel-outlined css-mui-classname"
         data-shrink="false"
         for=":r0:"
         id=":r0:-label"
  >
    Date Time
  </label>
  <div class="MuiInputBase-root MuiOutlinedInput-root MuiInputBase-colorPrimary MuiInputBase-formControl MuiInputBase-adornedEnd css-mui-classname">
    <input aria-invalid="false"
           autocomplete="off"
           id=":r0:"
           placeholder="MM/DD/YYYY hh:mm"
           type="text"
           inputmode="text"
           class="MuiInputBase-input MuiOutlinedInput-input MuiInputBase-inputAdornedEnd css-mui-classname"
           value
    >
    <div class="MuiInputAdornment-root MuiInputAdornment-positionEnd MuiInputAdornment-outlined MuiInputAdornment-sizeMedium css-mui-classname">
      <button class="MuiButtonBase-root MuiIconButton-root MuiIconButton-edgeEnd MuiIconButton-sizeMedium css-mui-classname"
              tabindex="0"
              type="button"
              aria-label="Choose date"
      >
        <svg class="MuiSvgIcon-root MuiSvgIcon-fontSizeMedium css-mui-classname"
             focusable="false"
             aria-hidden="true"
             viewbox="0 0 24 24"
             data-testid="CalendarIcon"
        >
          <path d="M17 12h-5v5h5v-5zM16 1v2H8V1H6v2H5c-1.11 0-1.99.9-1.99 2L3 19c0 1.1.89 2 2 2h14c1.1 0 2-.9 2-2V5c0-1.1-.9-2-2-2h-1V1h-2zm3 18H5V8h14v11z">
          </path>
        </svg>
      </button>
    </div>
    <fieldset aria-hidden="true"
              class="MuiOutlinedInput-notchedOutline css-mui-classname"
    >
      <legend class="css-mui-classname">
        <span>
          Date Time
        </span>
      </legend>
    </fieldset>
  </div>
</div>
`;

exports[`Inputs/DateTimePicker SecondsView smoke-test 1`] = `
<div class="MuiFormControl-root MuiTextField-root css-mui-classname">
  <label class="MuiFormLabel-root MuiInputLabel-root MuiInputLabel-formControl MuiInputLabel-animated MuiInputLabel-sizeMedium MuiInputLabel-outlined MuiFormLabel-colorPrimary MuiInputLabel-root MuiInputLabel-formControl MuiInputLabel-animated MuiInputLabel-sizeMedium MuiInputLabel-outlined css-mui-classname"
         data-shrink="false"
         for=":r4:"
         id=":r4:-label"
  >
    Date Time
  </label>
  <div class="MuiInputBase-root MuiOutlinedInput-root MuiInputBase-colorPrimary MuiInputBase-formControl MuiInputBase-adornedEnd css-mui-classname">
    <input aria-invalid="false"
           autocomplete="off"
           id=":r4:"
           placeholder="MM/DD/YYYY hh:mm:ss"
           type="text"
           inputmode="text"
           class="MuiInputBase-input MuiOutlinedInput-input MuiInputBase-inputAdornedEnd css-mui-classname"
           value
    >
    <div class="MuiInputAdornment-root MuiInputAdornment-positionEnd MuiInputAdornment-outlined MuiInputAdornment-sizeMedium css-mui-classname">
      <button class="MuiButtonBase-root MuiIconButton-root MuiIconButton-edgeEnd MuiIconButton-sizeMedium css-mui-classname"
              tabindex="0"
              type="button"
              aria-label="Choose date"
      >
        <svg class="MuiSvgIcon-root MuiSvgIcon-fontSizeMedium css-mui-classname"
             focusable="false"
             aria-hidden="true"
             viewbox="0 0 24 24"
             data-testid="CalendarIcon"
        >
          <path d="M17 12h-5v5h5v-5zM16 1v2H8V1H6v2H5c-1.11 0-1.99.9-1.99 2L3 19c0 1.1.89 2 2 2h14c1.1 0 2-.9 2-2V5c0-1.1-.9-2-2-2h-1V1h-2zm3 18H5V8h14v11z">
          </path>
        </svg>
      </button>
    </div>
    <fieldset aria-hidden="true"
              class="MuiOutlinedInput-notchedOutline css-mui-classname"
    >
      <legend class="css-mui-classname">
        <span>
          Date Time
        </span>
      </legend>
    </fieldset>
  </div>
</div>
`;

exports[`Inputs/DateTimePicker Time smoke-test 1`] = `
<div class="MuiFormControl-root MuiTextField-root css-mui-classname">
  <label class="MuiFormLabel-root MuiInputLabel-root MuiInputLabel-formControl MuiInputLabel-animated MuiInputLabel-sizeMedium MuiInputLabel-outlined MuiFormLabel-colorPrimary MuiInputLabel-root MuiInputLabel-formControl MuiInputLabel-animated MuiInputLabel-sizeMedium MuiInputLabel-outlined css-mui-classname"
         data-shrink="false"
         for=":rf:"
         id=":rf:-label"
  >
    Date Time
  </label>
  <div class="MuiInputBase-root MuiOutlinedInput-root MuiInputBase-colorPrimary MuiInputBase-formControl MuiInputBase-adornedEnd css-mui-classname">
    <input aria-invalid="false"
           autocomplete="off"
           id=":rf:"
           placeholder="hh:mm"
           type="text"
           inputmode="text"
           class="MuiInputBase-input MuiOutlinedInput-input MuiInputBase-inputAdornedEnd css-mui-classname"
           value
    >
    <div class="MuiInputAdornment-root MuiInputAdornment-positionEnd MuiInputAdornment-outlined MuiInputAdornment-sizeMedium css-mui-classname">
      <button class="MuiButtonBase-root MuiIconButton-root MuiIconButton-edgeEnd MuiIconButton-sizeMedium css-mui-classname"
              tabindex="0"
              type="button"
              aria-label="Choose time"
      >
        <svg class="MuiSvgIcon-root MuiSvgIcon-fontSizeMedium css-mui-classname"
             focusable="false"
             aria-hidden="true"
             viewbox="0 0 24 24"
             data-testid="ClockIcon"
        >
          <path d="M11.99 2C6.47 2 2 6.48 2 12s4.47 10 9.99 10C17.52 22 22 17.52 22 12S17.52 2 11.99 2zM12 20c-4.42 0-8-3.58-8-8s3.58-8 8-8 8 3.58 8 8-3.58 8-8 8z">
          </path>
          <path d="M12.5 7H11v6l5.25 3.15.75-1.23-4.5-2.67z">
          </path>
        </svg>
      </button>
    </div>
    <fieldset aria-hidden="true"
              class="MuiOutlinedInput-notchedOutline css-mui-classname"
    >
      <legend class="css-mui-classname">
        <span>
          Date Time
        </span>
      </legend>
    </fieldset>
  </div>
</div>
`;
